
> locumtruerate-vanilla-demos@1.0.0 start
> node src/server.js

[dotenv@17.2.1] injecting env (16) from .env -- tip: ⚙️  write to custom object with { processEnv: myObject }
2025-07-29T00:57:47.689Z - INFO [SERVER_STARTUP]: Testing database connection...
2025-07-29T00:57:47.791Z - INFO [DB_CONNECTION]: Database connected successfully at: Tue Jul 29 2025 00:57:47 GMT+0000 (Coordinated Universal Time)
🚀 LocumTrueRate API Server
2025-07-29T00:57:47.794Z - INFO [SERVER_STARTUP]: Version: v1
2025-07-29T00:57:47.795Z - INFO [SERVER_STARTUP]: Port: 4000
2025-07-29T00:57:47.795Z - INFO [SERVER_STARTUP]: Environment: development
2025-07-29T00:57:47.795Z - INFO [SERVER_STARTUP]: Database: ✅ Connected
2025-07-29T00:57:47.795Z - INFO [SERVER_STARTUP]: URL: http://localhost:4000
2025-07-29T00:57:47.795Z - INFO [SERVER_STARTUP]: API Base: http://localhost:4000/api/v1
2025-07-29T00:57:56.762Z - GET /health
2025-07-29T00:58:00.535Z - GET /health
2025-07-29T00:58:00.563Z - POST /api/v1/auth/login
2025-07-29T00:58:00.564Z - INFO [AUTH_LOGIN]: Login attempt started
2025-07-29T00:58:00.652Z - INFO [AUTH_LOGIN]: User logged in successfully: locum@example.com
2025-07-29T00:58:00.677Z - GET /api/v1/applications
2025-07-29T00:58:00.698Z - POST /api/v1/applications
2025-07-29T00:58:00.726Z - GET /api/v1/applications
2025-07-29T00:58:00.732Z - ERROR [APPLICATION_FETCH]: Error fetching applications
Error details: error: column a.is_active does not exist
    at /home/Mike/projects/jobboard/node_modules/pg-pool/index.js:45:11
    at process.processTicksAndRejections (node:internal/process/task_queues:95:5)
    at async Application.getAll (/home/Mike/projects/jobboard/src/models/Application.js:146:29)
    at async /home/Mike/projects/jobboard/src/routes/applications.js:74:24 {
  length: 110,
  severity: 'ERROR',
  code: '42703',
  detail: undefined,
  hint: undefined,
  position: '137',
  internalPosition: undefined,
  internalQuery: undefined,
  where: undefined,
  schema: undefined,
  table: undefined,
  column: undefined,
  dataType: undefined,
  constraint: undefined,
  file: 'parse_relation.c',
  line: '3647',
  routine: 'errorMissingColumn'
}
2025-07-29T00:58:00.756Z - GET /api/v1/applications/stats
2025-07-29T00:58:00.782Z - ERROR [APPLICATION_STATS]: Error fetching application statistics
Error details: error: column "application_status" does not exist
    at /home/Mike/projects/jobboard/node_modules/pg-pool/index.js:45:11
    at process.processTicksAndRejections (node:internal/process/task_queues:95:5)
    at async Application.getStatistics (/home/Mike/projects/jobboard/src/models/Application.js:404:24)
    at async /home/Mike/projects/jobboard/src/routes/applications.js:103:23 {
  length: 119,
  severity: 'ERROR',
  code: '42703',
  detail: undefined,
  hint: undefined,
  position: '102',
  internalPosition: undefined,
  internalQuery: undefined,
  where: undefined,
  schema: undefined,
  table: undefined,
  column: undefined,
  dataType: undefined,
  constraint: undefined,
  file: 'parse_relation.c',
  line: '3647',
  routine: 'errorMissingColumn'
}
2025-07-29T00:58:00.803Z - GET /api/v1/applications/by-status/submitted
2025-07-29T00:58:00.827Z - ERROR [APPLICATION_BY_STATUS]: Error fetching applications by status
Error details: error: column u.name does not exist
    at /home/Mike/projects/jobboard/node_modules/pg-pool/index.js:45:11
    at process.processTicksAndRejections (node:internal/process/task_queues:95:5)
    at async Application.getByStatus (/home/Mike/projects/jobboard/src/models/Application.js:544:24)
    at async /home/Mike/projects/jobboard/src/routes/applications.js:126:30 {
  length: 104,
  severity: 'ERROR',
  code: '42703',
  detail: undefined,
  hint: undefined,
  position: '59',
  internalPosition: undefined,
  internalQuery: undefined,
  where: undefined,
  schema: undefined,
  table: undefined,
  column: undefined,
  dataType: undefined,
  constraint: undefined,
  file: 'parse_relation.c',
  line: '3647',
  routine: 'errorMissingColumn'
}
2025-07-29T00:58:00.850Z - GET /api/v1/applications/recent
2025-07-29T00:58:00.873Z - ERROR [APPLICATION_RECENT]: Error fetching recent applications
Error details: error: column u.name does not exist
    at /home/Mike/projects/jobboard/node_modules/pg-pool/index.js:45:11
    at process.processTicksAndRejections (node:internal/process/task_queues:95:5)
    at async Application.getRecent (/home/Mike/projects/jobboard/src/models/Application.js:570:24)
    at async /home/Mike/projects/jobboard/src/routes/applications.js:148:30 {
  length: 104,
  severity: 'ERROR',
  code: '42703',
  detail: undefined,
  hint: undefined,
  position: '59',
  internalPosition: undefined,
  internalQuery: undefined,
  where: undefined,
  schema: undefined,
  table: undefined,
  column: undefined,
  dataType: undefined,
  constraint: undefined,
  file: 'parse_relation.c',
  line: '3647',
  routine: 'errorMissingColumn'
}
2025-07-29T00:58:00.896Z - POST /api/v1/applications/search
2025-07-29T00:58:00.923Z - ERROR [APPLICATION_SEARCH]: Error performing application search
Error details: error: column a.is_active does not exist
    at /home/Mike/projects/jobboard/node_modules/pg-pool/index.js:45:11
    at process.processTicksAndRejections (node:internal/process/task_queues:95:5)
    at async Application.getAll (/home/Mike/projects/jobboard/src/models/Application.js:146:29)
    at async /home/Mike/projects/jobboard/src/routes/applications.js:179:24 {
  length: 110,
  severity: 'ERROR',
  code: '42703',
  detail: undefined,
  hint: undefined,
  position: '137',
  internalPosition: undefined,
  internalQuery: undefined,
  where: undefined,
  schema: undefined,
  table: undefined,
  column: undefined,
  dataType: undefined,
  constraint: undefined,
  file: 'parse_relation.c',
  line: '3647',
  routine: 'errorMissingColumn'
}
2025-07-29T00:58:00.944Z - POST /api/v1/applications
2025-07-29T00:59:39.388Z - GET /health
2025-07-29T00:59:39.405Z - POST /api/v1/auth/login
2025-07-29T00:59:39.406Z - INFO [AUTH_LOGIN]: Login attempt started
2025-07-29T00:59:39.509Z - INFO [AUTH_LOGIN]: User logged in successfully: locum@example.com
2025-07-29T00:59:39.533Z - GET /api/v1/applications
2025-07-29T00:59:39.554Z - POST /api/v1/applications
2025-07-29T00:59:39.571Z - INFO [APPLICATION_CREATE]: Application created: 1 by user 54 for job 1
2025-07-29T00:59:39.596Z - GET /api/v1/applications
2025-07-29T00:59:39.601Z - ERROR [APPLICATION_FETCH]: Error fetching applications
Error details: error: column u.name does not exist
    at /home/Mike/projects/jobboard/node_modules/pg-pool/index.js:45:11
    at process.processTicksAndRejections (node:internal/process/task_queues:95:5)
    at async Application.getAll (/home/Mike/projects/jobboard/src/models/Application.js:171:28)
    at async /home/Mike/projects/jobboard/src/routes/applications.js:74:24 {
  length: 104,
  severity: 'ERROR',
  code: '42703',
  detail: undefined,
  hint: undefined,
  position: '59',
  internalPosition: undefined,
  internalQuery: undefined,
  where: undefined,
  schema: undefined,
  table: undefined,
  column: undefined,
  dataType: undefined,
  constraint: undefined,
  file: 'parse_relation.c',
  line: '3647',
  routine: 'errorMissingColumn'
}
2025-07-29T00:59:39.623Z - GET /api/v1/applications/1
2025-07-29T00:59:39.647Z - ERROR [APPLICATION_FETCH]: Error fetching application
Error details: error: column u.name does not exist
    at /home/Mike/projects/jobboard/node_modules/pg-pool/index.js:45:11
    at process.processTicksAndRejections (node:internal/process/task_queues:95:5)
    at async Application.getById (/home/Mike/projects/jobboard/src/models/Application.js:210:24)
    at async /home/Mike/projects/jobboard/src/routes/applications.js:204:29 {
  length: 104,
  severity: 'ERROR',
  code: '42703',
  detail: undefined,
  hint: undefined,
  position: '59',
  internalPosition: undefined,
  internalQuery: undefined,
  where: undefined,
  schema: undefined,
  table: undefined,
  column: undefined,
  dataType: undefined,
  constraint: undefined,
  file: 'parse_relation.c',
  line: '3647',
  routine: 'errorMissingColumn'
}
2025-07-29T00:59:39.668Z - PUT /api/v1/applications/1
2025-07-29T00:59:39.699Z - INFO [APPLICATION_UPDATE]: Application updated: 1 by user 54
2025-07-29T00:59:39.719Z - PATCH /api/v1/applications/1/status
2025-07-29T00:59:39.729Z - INFO [APPLICATION_STATUS_UPDATE]: Application status updated: 1 to under_review by user 54
2025-07-29T00:59:39.750Z - POST /api/v1/applications/1/documents
2025-07-29T00:59:39.757Z - INFO [APPLICATION_DOCUMENT_ADD]: Document added to application: 1 by user 54
2025-07-29T00:59:39.780Z - POST /api/v1/applications/1/communications
2025-07-29T00:59:39.787Z - INFO [APPLICATION_COMMUNICATION_ADD]: Communication added to application: 1 by user 54
2025-07-29T00:59:39.807Z - POST /api/v1/applications/1/reminders
2025-07-29T00:59:39.813Z - INFO [APPLICATION_REMINDER_ADD]: Reminder added to application: 1 by user 54
2025-07-29T00:59:39.833Z - GET /api/v1/applications/stats
2025-07-29T00:59:39.881Z - GET /api/v1/applications/by-status/submitted
2025-07-29T00:59:39.884Z - ERROR [APPLICATION_BY_STATUS]: Error fetching applications by status
Error details: error: column u.name does not exist
    at /home/Mike/projects/jobboard/node_modules/pg-pool/index.js:45:11
    at process.processTicksAndRejections (node:internal/process/task_queues:95:5)
    at async Application.getByStatus (/home/Mike/projects/jobboard/src/models/Application.js:544:24)
    at async /home/Mike/projects/jobboard/src/routes/applications.js:126:30 {
  length: 104,
  severity: 'ERROR',
  code: '42703',
  detail: undefined,
  hint: undefined,
  position: '59',
  internalPosition: undefined,
  internalQuery: undefined,
  where: undefined,
  schema: undefined,
  table: undefined,
  column: undefined,
  dataType: undefined,
  constraint: undefined,
  file: 'parse_relation.c',
  line: '3647',
  routine: 'errorMissingColumn'
}
2025-07-29T00:59:39.905Z - GET /api/v1/applications/recent
2025-07-29T00:59:39.927Z - ERROR [APPLICATION_RECENT]: Error fetching recent applications
Error details: error: column u.name does not exist
    at /home/Mike/projects/jobboard/node_modules/pg-pool/index.js:45:11
    at process.processTicksAndRejections (node:internal/process/task_queues:95:5)
    at async Application.getRecent (/home/Mike/projects/jobboard/src/models/Application.js:570:24)
    at async /home/Mike/projects/jobboard/src/routes/applications.js:148:30 {
  length: 104,
  severity: 'ERROR',
  code: '42703',
  detail: undefined,
  hint: undefined,
  position: '59',
  internalPosition: undefined,
  internalQuery: undefined,
  where: undefined,
  schema: undefined,
  table: undefined,
  column: undefined,
  dataType: undefined,
  constraint: undefined,
  file: 'parse_relation.c',
  line: '3647',
  routine: 'errorMissingColumn'
}
2025-07-29T00:59:39.949Z - POST /api/v1/applications/search
2025-07-29T00:59:39.972Z - ERROR [APPLICATION_SEARCH]: Error performing application search
Error details: error: column j.company does not exist
    at /home/Mike/projects/jobboard/node_modules/pg-pool/index.js:45:11
    at process.processTicksAndRejections (node:internal/process/task_queues:95:5)
    at async Application.getAll (/home/Mike/projects/jobboard/src/models/Application.js:146:29)
    at async /home/Mike/projects/jobboard/src/routes/applications.js:179:24 {
  length: 108,
  severity: 'ERROR',
  code: '42703',
  detail: undefined,
  hint: undefined,
  position: '414',
  internalPosition: undefined,
  internalQuery: undefined,
  where: undefined,
  schema: undefined,
  table: undefined,
  column: undefined,
  dataType: undefined,
  constraint: undefined,
  file: 'parse_relation.c',
  line: '3647',
  routine: 'errorMissingColumn'
}
2025-07-29T00:59:39.993Z - POST /api/v1/applications
2025-07-29T00:59:40.016Z - PATCH /api/v1/applications/1/status
2025-07-29T01:57:47.594Z - INFO [METRICS]: Metrics cleanup completed
2025-07-29T02:57:47.612Z - INFO [METRICS]: Metrics cleanup completed
2025-07-29T03:57:47.636Z - INFO [METRICS]: Metrics cleanup completed
2025-07-29T04:57:47.650Z - INFO [METRICS]: Metrics cleanup completed
2025-07-29T05:57:47.667Z - INFO [METRICS]: Metrics cleanup completed
2025-07-29T06:57:47.680Z - INFO [METRICS]: Metrics cleanup completed
2025-07-29T07:57:47.690Z - INFO [METRICS]: Metrics cleanup completed
2025-07-29T08:57:47.699Z - INFO [METRICS]: Metrics cleanup completed
2025-07-29T09:57:47.705Z - INFO [METRICS]: Metrics cleanup completed
2025-07-29T10:57:47.705Z - INFO [METRICS]: Metrics cleanup completed
2025-07-29T11:57:47.717Z - INFO [METRICS]: Metrics cleanup completed
2025-07-29T12:57:47.742Z - INFO [METRICS]: Metrics cleanup completed
2025-07-29T13:57:47.766Z - INFO [METRICS]: Metrics cleanup completed
2025-07-29T14:57:47.785Z - INFO [METRICS]: Metrics cleanup completed
2025-07-29T15:57:47.801Z - INFO [METRICS]: Metrics cleanup completed
2025-07-29T16:57:47.809Z - INFO [METRICS]: Metrics cleanup completed
2025-07-29T17:57:47.822Z - INFO [METRICS]: Metrics cleanup completed
2025-07-29T18:57:47.832Z - INFO [METRICS]: Metrics cleanup completed
2025-07-29T19:57:47.831Z - INFO [METRICS]: Metrics cleanup completed
2025-07-29T20:57:47.845Z - INFO [METRICS]: Metrics cleanup completed
2025-07-29T21:57:47.876Z - INFO [METRICS]: Metrics cleanup completed
2025-07-29T22:57:47.904Z - INFO [METRICS]: Metrics cleanup completed
2025-07-29T23:57:47.926Z - INFO [METRICS]: Metrics cleanup completed
2025-07-30T00:57:47.948Z - INFO [METRICS]: Metrics cleanup completed
2025-07-30T01:57:47.967Z - INFO [METRICS]: Metrics cleanup completed
2025-07-30T02:57:47.988Z - INFO [METRICS]: Metrics cleanup completed
2025-07-30T03:57:47.998Z - INFO [METRICS]: Metrics cleanup completed
2025-07-30T04:57:48.009Z - INFO [METRICS]: Metrics cleanup completed
2025-07-30T05:57:48.017Z - INFO [METRICS]: Metrics cleanup completed
2025-07-30T06:57:48.024Z - INFO [METRICS]: Metrics cleanup completed
2025-07-30T07:57:48.024Z - INFO [METRICS]: Metrics cleanup completed
2025-07-30T08:57:48.052Z - INFO [METRICS]: Metrics cleanup completed
2025-07-30T09:57:48.079Z - INFO [METRICS]: Metrics cleanup completed
2025-07-30T10:57:48.103Z - INFO [METRICS]: Metrics cleanup completed
2025-07-30T11:57:48.123Z - INFO [METRICS]: Metrics cleanup completed
2025-07-30T12:57:48.138Z - INFO [METRICS]: Metrics cleanup completed
2025-07-30T13:57:48.154Z - INFO [METRICS]: Metrics cleanup completed
2025-07-30T14:57:48.166Z - INFO [METRICS]: Metrics cleanup completed
2025-07-30T15:57:48.173Z - INFO [METRICS]: Metrics cleanup completed
2025-07-30T16:57:48.178Z - INFO [METRICS]: Metrics cleanup completed
2025-07-30T17:57:48.180Z - INFO [METRICS]: Metrics cleanup completed
2025-07-30T18:57:48.209Z - INFO [METRICS]: Metrics cleanup completed
2025-07-30T19:57:48.236Z - INFO [METRICS]: Metrics cleanup completed
2025-07-30T20:57:48.258Z - INFO [METRICS]: Metrics cleanup completed
2025-07-30T21:57:48.279Z - INFO [METRICS]: Metrics cleanup completed
2025-07-30T22:57:48.297Z - INFO [METRICS]: Metrics cleanup completed
2025-07-30T23:57:48.313Z - INFO [METRICS]: Metrics cleanup completed
2025-07-31T00:57:48.326Z - INFO [METRICS]: Metrics cleanup completed
2025-07-31T01:57:48.338Z - INFO [METRICS]: Metrics cleanup completed
2025-07-31T02:57:48.344Z - INFO [METRICS]: Metrics cleanup completed
2025-07-31T03:57:48.349Z - INFO [METRICS]: Metrics cleanup completed
2025-07-31T04:57:48.351Z - INFO [METRICS]: Metrics cleanup completed
2025-07-31T05:57:48.380Z - INFO [METRICS]: Metrics cleanup completed
2025-07-31T06:57:48.395Z - INFO [METRICS]: Metrics cleanup completed
2025-07-31T07:57:48.418Z - INFO [METRICS]: Metrics cleanup completed
2025-07-31T08:57:48.431Z - INFO [METRICS]: Metrics cleanup completed
2025-07-31T09:57:48.447Z - INFO [METRICS]: Metrics cleanup completed
2025-07-31T10:57:48.462Z - INFO [METRICS]: Metrics cleanup completed
2025-07-31T11:57:48.471Z - INFO [METRICS]: Metrics cleanup completed
2025-07-31T12:57:48.478Z - INFO [METRICS]: Metrics cleanup completed
2025-07-31T13:57:48.482Z - INFO [METRICS]: Metrics cleanup completed
2025-07-31T14:57:48.483Z - INFO [METRICS]: Metrics cleanup completed
2025-07-31T15:57:48.513Z - INFO [METRICS]: Metrics cleanup completed
2025-07-31T16:57:48.528Z - INFO [METRICS]: Metrics cleanup completed
2025-07-31T17:57:48.540Z - INFO [METRICS]: Metrics cleanup completed
2025-07-31T18:57:48.559Z - INFO [METRICS]: Metrics cleanup completed
2025-07-31T19:57:48.577Z - INFO [METRICS]: Metrics cleanup completed
2025-07-31T20:57:48.593Z - INFO [METRICS]: Metrics cleanup completed
2025-07-31T21:57:48.605Z - INFO [METRICS]: Metrics cleanup completed
2025-07-31T22:57:48.609Z - INFO [METRICS]: Metrics cleanup completed
2025-07-31T23:57:48.609Z - INFO [METRICS]: Metrics cleanup completed
2025-08-01T00:57:48.614Z - INFO [METRICS]: Metrics cleanup completed
2025-08-01T01:57:48.613Z - INFO [METRICS]: Metrics cleanup completed
2025-08-01T02:57:48.644Z - INFO [METRICS]: Metrics cleanup completed
2025-08-01T03:57:48.668Z - INFO [METRICS]: Metrics cleanup completed
2025-08-01T04:57:48.691Z - INFO [METRICS]: Metrics cleanup completed
2025-08-01T05:57:48.708Z - INFO [METRICS]: Metrics cleanup completed
2025-08-01T06:57:48.714Z - INFO [METRICS]: Metrics cleanup completed
2025-08-01T07:57:48.713Z - INFO [METRICS]: Metrics cleanup completed
2025-08-01T08:57:48.724Z - INFO [METRICS]: Metrics cleanup completed
2025-08-01T09:57:48.731Z - INFO [METRICS]: Metrics cleanup completed
2025-08-01T10:57:48.738Z - INFO [METRICS]: Metrics cleanup completed
2025-08-01T11:57:48.738Z - INFO [METRICS]: Metrics cleanup completed
2025-08-01T12:57:48.765Z - INFO [METRICS]: Metrics cleanup completed
2025-08-01T13:57:48.790Z - INFO [METRICS]: Metrics cleanup completed
2025-08-01T14:57:48.813Z - INFO [METRICS]: Metrics cleanup completed
2025-08-01T15:57:48.832Z - INFO [METRICS]: Metrics cleanup completed
2025-08-01T16:57:48.849Z - INFO [METRICS]: Metrics cleanup completed
2025-08-01T17:57:48.861Z - INFO [METRICS]: Metrics cleanup completed
2025-08-01T18:57:48.872Z - INFO [METRICS]: Metrics cleanup completed
2025-08-01T19:57:48.878Z - INFO [METRICS]: Metrics cleanup completed
2025-08-01T20:57:48.884Z - INFO [METRICS]: Metrics cleanup completed
2025-08-01T21:57:48.884Z - INFO [METRICS]: Metrics cleanup completed
2025-08-01T22:57:48.903Z - INFO [METRICS]: Metrics cleanup completed
2025-08-01T23:57:48.929Z - INFO [METRICS]: Metrics cleanup completed
2025-08-02T00:57:48.944Z - INFO [METRICS]: Metrics cleanup completed
2025-08-02T01:57:48.964Z - INFO [METRICS]: Metrics cleanup completed
2025-08-02T02:57:48.981Z - INFO [METRICS]: Metrics cleanup completed
2025-08-02T03:57:48.995Z - INFO [METRICS]: Metrics cleanup completed
2025-08-02T04:57:49.006Z - INFO [METRICS]: Metrics cleanup completed
2025-08-02T05:57:49.014Z - INFO [METRICS]: Metrics cleanup completed
2025-08-02T06:57:49.021Z - INFO [METRICS]: Metrics cleanup completed
2025-08-02T07:57:49.021Z - INFO [METRICS]: Metrics cleanup completed
2025-08-02T08:57:49.051Z - INFO [METRICS]: Metrics cleanup completed
2025-08-02T09:57:49.076Z - INFO [METRICS]: Metrics cleanup completed
2025-08-02T10:57:49.098Z - INFO [METRICS]: Metrics cleanup completed
2025-08-02T11:57:49.118Z - INFO [METRICS]: Metrics cleanup completed
2025-08-02T12:57:49.135Z - INFO [METRICS]: Metrics cleanup completed
2025-08-02T13:57:49.149Z - INFO [METRICS]: Metrics cleanup completed
2025-08-02T14:57:49.153Z - INFO [METRICS]: Metrics cleanup completed
2025-08-02T15:57:49.163Z - INFO [METRICS]: Metrics cleanup completed
2025-08-02T16:57:49.167Z - INFO [METRICS]: Metrics cleanup completed
2025-08-02T17:57:49.170Z - INFO [METRICS]: Metrics cleanup completed
2025-08-02T18:57:49.200Z - INFO [METRICS]: Metrics cleanup completed
2025-08-02T19:57:49.227Z - INFO [METRICS]: Metrics cleanup completed
2025-08-02T20:57:49.251Z - INFO [METRICS]: Metrics cleanup completed
2025-08-02T21:57:49.272Z - INFO [METRICS]: Metrics cleanup completed
2025-08-02T22:57:49.290Z - INFO [METRICS]: Metrics cleanup completed
2025-08-02T23:57:49.305Z - INFO [METRICS]: Metrics cleanup completed
2025-08-03T00:57:49.318Z - INFO [METRICS]: Metrics cleanup completed
2025-08-03T01:57:49.328Z - INFO [METRICS]: Metrics cleanup completed
2025-08-03T02:57:49.334Z - INFO [METRICS]: Metrics cleanup completed
2025-08-03T03:57:49.336Z - INFO [METRICS]: Metrics cleanup completed
2025-08-03T04:57:49.367Z - INFO [METRICS]: Metrics cleanup completed
2025-08-03T05:57:49.394Z - INFO [METRICS]: Metrics cleanup completed
2025-08-03T06:57:49.419Z - INFO [METRICS]: Metrics cleanup completed
2025-08-03T07:57:49.439Z - INFO [METRICS]: Metrics cleanup completed
2025-08-03T08:57:49.441Z - INFO [METRICS]: Metrics cleanup completed
2025-08-03T09:57:49.457Z - INFO [METRICS]: Metrics cleanup completed
2025-08-03T10:57:49.468Z - INFO [METRICS]: Metrics cleanup completed
2025-08-03T11:57:49.477Z - INFO [METRICS]: Metrics cleanup completed
2025-08-03T12:57:49.483Z - INFO [METRICS]: Metrics cleanup completed
2025-08-03T13:57:49.488Z - INFO [METRICS]: Metrics cleanup completed
2025-08-03T14:57:49.518Z - INFO [METRICS]: Metrics cleanup completed
2025-08-03T15:57:49.544Z - INFO [METRICS]: Metrics cleanup completed
2025-08-03T16:57:49.568Z - INFO [METRICS]: Metrics cleanup completed
2025-08-03T17:57:49.590Z - INFO [METRICS]: Metrics cleanup completed
2025-08-03T18:57:49.607Z - INFO [METRICS]: Metrics cleanup completed
2025-08-03T19:57:49.618Z - INFO [METRICS]: Metrics cleanup completed
2025-08-03T20:57:49.630Z - INFO [METRICS]: Metrics cleanup completed
2025-08-03T21:57:49.638Z - INFO [METRICS]: Metrics cleanup completed
2025-08-03T22:57:49.645Z - INFO [METRICS]: Metrics cleanup completed
2025-08-03T23:57:49.647Z - INFO [METRICS]: Metrics cleanup completed
2025-08-04T00:57:49.677Z - INFO [METRICS]: Metrics cleanup completed
2025-08-04T01:57:49.705Z - INFO [METRICS]: Metrics cleanup completed
2025-08-04T02:57:49.731Z - INFO [METRICS]: Metrics cleanup completed
2025-08-04T03:57:49.733Z - INFO [METRICS]: Metrics cleanup completed
2025-08-04T04:57:49.735Z - INFO [METRICS]: Metrics cleanup completed
2025-08-04T05:57:49.738Z - INFO [METRICS]: Metrics cleanup completed
2025-08-04T06:57:49.751Z - INFO [METRICS]: Metrics cleanup completed
2025-08-04T07:57:49.760Z - INFO [METRICS]: Metrics cleanup completed
2025-08-04T08:57:49.766Z - INFO [METRICS]: Metrics cleanup completed
2025-08-04T09:57:49.770Z - INFO [METRICS]: Metrics cleanup completed
2025-08-04T10:57:49.771Z - INFO [METRICS]: Metrics cleanup completed
2025-08-04T11:57:49.798Z - INFO [METRICS]: Metrics cleanup completed
2025-08-04T12:57:49.822Z - INFO [METRICS]: Metrics cleanup completed
2025-08-04T13:57:49.843Z - INFO [METRICS]: Metrics cleanup completed
2025-08-04T14:57:49.861Z - INFO [METRICS]: Metrics cleanup completed
2025-08-04T15:57:49.864Z - INFO [METRICS]: Metrics cleanup completed
2025-08-04T16:57:49.877Z - INFO [METRICS]: Metrics cleanup completed
2025-08-04T17:57:49.886Z - INFO [METRICS]: Metrics cleanup completed
2025-08-04T18:57:49.892Z - INFO [METRICS]: Metrics cleanup completed
2025-08-04T19:57:49.895Z - INFO [METRICS]: Metrics cleanup completed
2025-08-04T20:57:49.897Z - INFO [METRICS]: Metrics cleanup completed
2025-08-04T21:57:49.926Z - INFO [METRICS]: Metrics cleanup completed
2025-08-04T22:57:49.949Z - INFO [METRICS]: Metrics cleanup completed
2025-08-04T23:57:49.973Z - INFO [METRICS]: Metrics cleanup completed
2025-08-05T00:57:49.994Z - INFO [METRICS]: Metrics cleanup completed
2025-08-05T01:57:49.999Z - INFO [METRICS]: Metrics cleanup completed
2025-08-05T02:57:50.010Z - INFO [METRICS]: Metrics cleanup completed
2025-08-05T03:57:50.018Z - INFO [METRICS]: Metrics cleanup completed
2025-08-05T04:57:50.029Z - INFO [METRICS]: Metrics cleanup completed
2025-08-05T05:57:50.031Z - INFO [METRICS]: Metrics cleanup completed
2025-08-05T06:57:50.033Z - INFO [METRICS]: Metrics cleanup completed
2025-08-05T07:57:50.046Z - INFO [METRICS]: Metrics cleanup completed
2025-08-05T08:57:50.072Z - INFO [METRICS]: Metrics cleanup completed
2025-08-05T09:57:50.089Z - INFO [METRICS]: Metrics cleanup completed
2025-08-05T10:57:50.110Z - INFO [METRICS]: Metrics cleanup completed
2025-08-05T11:57:50.126Z - INFO [METRICS]: Metrics cleanup completed
2025-08-05T12:57:50.139Z - INFO [METRICS]: Metrics cleanup completed
2025-08-05T13:57:50.150Z - INFO [METRICS]: Metrics cleanup completed
2025-08-05T14:57:50.160Z - INFO [METRICS]: Metrics cleanup completed
2025-08-05T15:57:50.162Z - INFO [METRICS]: Metrics cleanup completed
2025-08-05T16:57:50.164Z - INFO [METRICS]: Metrics cleanup completed
2025-08-05T17:57:50.176Z - INFO [METRICS]: Metrics cleanup completed
2025-08-05T18:57:50.203Z - INFO [METRICS]: Metrics cleanup completed
2025-08-05T19:57:50.227Z - INFO [METRICS]: Metrics cleanup completed
2025-08-05T20:57:50.248Z - INFO [METRICS]: Metrics cleanup completed
2025-08-05T21:57:50.268Z - INFO [METRICS]: Metrics cleanup completed
2025-08-05T22:57:50.281Z - INFO [METRICS]: Metrics cleanup completed
2025-08-05T23:57:50.293Z - INFO [METRICS]: Metrics cleanup completed
2025-08-06T00:57:50.301Z - INFO [METRICS]: Metrics cleanup completed
2025-08-06T01:57:50.307Z - INFO [METRICS]: Metrics cleanup completed
2025-08-06T02:57:50.312Z - INFO [METRICS]: Metrics cleanup completed
2025-08-06T03:57:50.340Z - INFO [METRICS]: Metrics cleanup completed
2025-08-06T04:57:50.366Z - INFO [METRICS]: Metrics cleanup completed
2025-08-06T05:57:50.389Z - INFO [METRICS]: Metrics cleanup completed
2025-08-06T06:57:50.410Z - INFO [METRICS]: Metrics cleanup completed
2025-08-06T07:57:50.429Z - INFO [METRICS]: Metrics cleanup completed
2025-08-06T08:57:50.433Z - INFO [METRICS]: Metrics cleanup completed
2025-08-06T09:57:50.445Z - INFO [METRICS]: Metrics cleanup completed
2025-08-06T10:57:50.454Z - INFO [METRICS]: Metrics cleanup completed
2025-08-06T11:57:50.460Z - INFO [METRICS]: Metrics cleanup completed
2025-08-06T12:57:50.463Z - INFO [METRICS]: Metrics cleanup completed
2025-08-06T13:57:50.492Z - INFO [METRICS]: Metrics cleanup completed
2025-08-06T14:57:50.501Z - INFO [METRICS]: Metrics cleanup completed
2025-08-06T15:57:50.524Z - INFO [METRICS]: Metrics cleanup completed
2025-08-06T16:57:50.527Z - INFO [METRICS]: Metrics cleanup completed
2025-08-06T17:57:50.537Z - INFO [METRICS]: Metrics cleanup completed
2025-08-06T18:57:50.551Z - INFO [METRICS]: Metrics cleanup completed
2025-08-06T19:57:50.559Z - INFO [METRICS]: Metrics cleanup completed
2025-08-06T20:57:50.569Z - INFO [METRICS]: Metrics cleanup completed
2025-08-06T21:57:50.575Z - INFO [METRICS]: Metrics cleanup completed
2025-08-06T22:57:50.579Z - INFO [METRICS]: Metrics cleanup completed
2025-08-06T23:57:50.580Z - INFO [METRICS]: Metrics cleanup completed
2025-08-07T00:57:50.609Z - INFO [METRICS]: Metrics cleanup completed
2025-08-07T01:57:50.635Z - INFO [METRICS]: Metrics cleanup completed
2025-08-07T02:57:50.639Z - INFO [METRICS]: Metrics cleanup completed
2025-08-07T03:57:50.660Z - INFO [METRICS]: Metrics cleanup completed
2025-08-07T04:57:50.675Z - INFO [METRICS]: Metrics cleanup completed
2025-08-07T05:57:50.691Z - INFO [METRICS]: Metrics cleanup completed
2025-08-07T06:57:50.701Z - INFO [METRICS]: Metrics cleanup completed
2025-08-07T07:57:50.708Z - INFO [METRICS]: Metrics cleanup completed
2025-08-07T08:57:50.711Z - INFO [METRICS]: Metrics cleanup completed
2025-08-07T09:57:50.713Z - INFO [METRICS]: Metrics cleanup completed
2025-08-07T10:57:50.715Z - INFO [METRICS]: Metrics cleanup completed
2025-08-07T11:57:50.729Z - INFO [METRICS]: Metrics cleanup completed
2025-08-07T12:57:50.753Z - INFO [METRICS]: Metrics cleanup completed
2025-08-07T13:57:50.773Z - INFO [METRICS]: Metrics cleanup completed
2025-08-07T14:57:50.790Z - INFO [METRICS]: Metrics cleanup completed
2025-08-07T15:57:50.808Z - INFO [METRICS]: Metrics cleanup completed
2025-08-07T16:57:50.818Z - INFO [METRICS]: Metrics cleanup completed
2025-08-07T17:57:50.827Z - INFO [METRICS]: Metrics cleanup completed
2025-08-07T18:57:50.835Z - INFO [METRICS]: Metrics cleanup completed
2025-08-07T19:57:50.839Z - INFO [METRICS]: Metrics cleanup completed
2025-08-07T20:57:50.840Z - INFO [METRICS]: Metrics cleanup completed
2025-08-07T21:57:50.869Z - INFO [METRICS]: Metrics cleanup completed
2025-08-07T22:57:50.873Z - INFO [METRICS]: Metrics cleanup completed
2025-08-07T23:57:50.896Z - INFO [METRICS]: Metrics cleanup completed
2025-08-08T00:57:50.916Z - INFO [METRICS]: Metrics cleanup completed
2025-08-08T01:57:50.932Z - INFO [METRICS]: Metrics cleanup completed
2025-08-08T02:57:50.944Z - INFO [METRICS]: Metrics cleanup completed
2025-08-08T03:57:50.955Z - INFO [METRICS]: Metrics cleanup completed
2025-08-08T04:57:50.963Z - INFO [METRICS]: Metrics cleanup completed
2025-08-08T05:57:50.968Z - INFO [METRICS]: Metrics cleanup completed
2025-08-08T06:57:50.969Z - INFO [METRICS]: Metrics cleanup completed
2025-08-08T07:57:50.971Z - INFO [METRICS]: Metrics cleanup completed
2025-08-08T08:57:50.973Z - INFO [METRICS]: Metrics cleanup completed
2025-08-08T09:57:51.000Z - INFO [METRICS]: Metrics cleanup completed
2025-08-08T10:57:51.000Z - INFO [METRICS]: Metrics cleanup completed
2025-08-08T11:57:51.022Z - INFO [METRICS]: Metrics cleanup completed
2025-08-08T12:57:51.042Z - INFO [METRICS]: Metrics cleanup completed
2025-08-08T13:57:51.043Z - INFO [METRICS]: Metrics cleanup completed
2025-08-08T14:57:51.053Z - INFO [METRICS]: Metrics cleanup completed
2025-08-08T15:57:51.066Z - INFO [METRICS]: Metrics cleanup completed
2025-08-08T16:57:51.077Z - INFO [METRICS]: Metrics cleanup completed
2025-08-08T17:57:51.085Z - INFO [METRICS]: Metrics cleanup completed
2025-08-08T18:57:51.086Z - INFO [METRICS]: Metrics cleanup completed
2025-08-08T19:57:51.087Z - INFO [METRICS]: Metrics cleanup completed
2025-08-08T20:57:51.088Z - INFO [METRICS]: Metrics cleanup completed
2025-08-08T21:57:51.118Z - INFO [METRICS]: Metrics cleanup completed
2025-08-08T22:57:51.123Z - INFO [METRICS]: Metrics cleanup completed
2025-08-08T23:57:51.147Z - INFO [METRICS]: Metrics cleanup completed
2025-08-09T00:57:51.149Z - INFO [METRICS]: Metrics cleanup completed
2025-08-09T01:57:51.169Z - INFO [METRICS]: Metrics cleanup completed
2025-08-09T02:57:51.173Z - INFO [METRICS]: Metrics cleanup completed
2025-08-09T03:57:51.187Z - INFO [METRICS]: Metrics cleanup completed
2025-08-09T04:57:51.201Z - INFO [METRICS]: Metrics cleanup completed
2025-08-09T05:57:51.211Z - INFO [METRICS]: Metrics cleanup completed
2025-08-09T06:57:51.218Z - INFO [METRICS]: Metrics cleanup completed
2025-08-09T07:57:51.223Z - INFO [METRICS]: Metrics cleanup completed
2025-08-09T08:57:51.225Z - INFO [METRICS]: Metrics cleanup completed
2025-08-09T09:57:51.225Z - INFO [METRICS]: Metrics cleanup completed
2025-08-09T10:57:51.253Z - INFO [METRICS]: Metrics cleanup completed
2025-08-09T11:57:51.257Z - INFO [METRICS]: Metrics cleanup completed
2025-08-09T12:57:51.281Z - INFO [METRICS]: Metrics cleanup completed
2025-08-09T13:57:51.285Z - INFO [METRICS]: Metrics cleanup completed
2025-08-09T14:57:51.303Z - INFO [METRICS]: Metrics cleanup completed
2025-08-09T15:57:51.321Z - INFO [METRICS]: Metrics cleanup completed
2025-08-09T16:57:51.324Z - INFO [METRICS]: Metrics cleanup completed
2025-08-09T17:57:51.332Z - INFO [METRICS]: Metrics cleanup completed
2025-08-09T18:57:51.336Z - INFO [METRICS]: Metrics cleanup completed
2025-08-09T19:57:51.340Z - INFO [METRICS]: Metrics cleanup completed
2025-08-09T20:57:51.364Z - INFO [METRICS]: Metrics cleanup completed
2025-08-09T21:57:51.389Z - INFO [METRICS]: Metrics cleanup completed
2025-08-09T22:57:51.413Z - INFO [METRICS]: Metrics cleanup completed
2025-08-09T23:57:51.435Z - INFO [METRICS]: Metrics cleanup completed
2025-08-10T00:57:51.452Z - INFO [METRICS]: Metrics cleanup completed
2025-08-10T01:57:51.465Z - INFO [METRICS]: Metrics cleanup completed
2025-08-10T02:57:51.475Z - INFO [METRICS]: Metrics cleanup completed
2025-08-10T03:57:51.484Z - INFO [METRICS]: Metrics cleanup completed
2025-08-10T04:57:51.488Z - INFO [METRICS]: Metrics cleanup completed
